// Jest Snapshot v1, https://goo.gl/fbAQLP

exports[`Customer Feedback component renders 1`] = `
Array [
  <div
    className="sc-dkrFOg dcSmHG"
  >
    Name
  </div>,
  <div
    className="sc-hLBbgP fIMpSd"
  >
    test@email.com
  </div>,
  <div
    className="sc-bcXHqe dMssKH"
    title="5 out of 5 stars"
  >
    <div
      className="sc-gswNZR joqcDS Star--rating on"
    >
      <span
        className="star"
      >
        ★
      </span>
    </div>
    <div
      className="sc-gswNZR joqcDS Star--rating on"
    >
      <span
        className="star"
      >
        ★
      </span>
    </div>
    <div
      className="sc-gswNZR joqcDS Star--rating on"
    >
      <span
        className="star"
      >
        ★
      </span>
    </div>
    <div
      className="sc-gswNZR joqcDS Star--rating on"
    >
      <span
        className="star"
      >
        ★
      </span>
    </div>
    <div
      className="sc-gswNZR joqcDS Star--rating on"
    >
      <span
        className="star"
      >
        ★
      </span>
    </div>
  </div>,
  <div
    className="sc-eDvSVe dHqAWI"
  >
    this is a comment
  </div>,
  <div
    className="sc-jSUZER lcAefU"
  >
    <hr />
  </div>,
]
`;
