// Jest Snapshot v1, https://goo.gl/fbAQLP

exports[`Rating Form renders 1`] = `
<main
  className="sc-gswNZR bODSCs"
>
  <form
    className="sc-hLBbgP gCMYbT"
    noValidate={true}
  >
    <h2>
      Feedback Form
    </h2>
    <div
      className="sc-eDvSVe eqITwC"
    >
      <div
        className="sc-jSUZER iJjbrW"
      >
        <div
          className="Form--group"
        >
          <label
            htmlFor="name"
          >
            Name *
          </label>
          <input
            aria-invalid="false"
            aria-label="Name"
            id="name"
            name="name"
            onBlur={[Function]}
            onChange={[Function]}
            placeholder="Name"
            type="text"
          />
        </div>
        <div
          className="Form--group"
        >
          <label
            htmlFor="email"
          >
            Email *
          </label>
          <input
            aria-invalid="false"
            aria-label="Email"
            id="email"
            name="email"
            onBlur={[Function]}
            onChange={[Function]}
            placeholder="Email"
            type="text"
          />
        </div>
        <div
          className="Form--group"
        >
          <label
            htmlFor="rating"
          >
            Rating *
          </label>
          <input
            aria-invalid="false"
            aria-label="Rating"
            id="rating"
            max="5"
            min="1"
            name="rating"
            onBlur={[Function]}
            onChange={[Function]}
            placeholder="Rating (1-5 stars)"
            type="number"
          />
        </div>
      </div>
      <div
        className="sc-jSUZER iJjbrW"
      >
        <div
          className="sc-gKPRtg dgIdrf"
        >
          <label
            htmlFor="comment"
          >
            Comment *
          </label>
          <textarea
            aria-invalid="false"
            aria-label="Comment"
            id="comment"
            name="comment"
            onBlur={[Function]}
            onChange={[Function]}
            placeholder="Comment"
          />
        </div>
      </div>
    </div>
    <div
      className="sc-iBYQkv dkpTLM"
    >
      <button
        className="sc-dkrFOg dxOIDC"
        onClick={[Function]}
        type="submit"
      >
        Submit
      </button>
    </div>
  </form>
</main>
`;
